// Jest Snapshot v1, https://goo.gl/fbAQLP

exports[`READ FILES: empty import makes no changes 1`] = `undefined`;

exports[`READ FILES: imported via file 1`] = `
Object {
  "BackgroundColor": "Transparent",
  "BorderColor": "Transparent",
  "BorderThickness": "0,0,0,0",
  "Content": Array [
    Object {
      "Col": 0,
      "Label": "~",
      "Row": 0,
      "associatedKeyGroups": Array [],
      "keyActions": Array [
        Object {
          "actionType": "Text",
          "value": "~",
        },
      ],
      "labelType": "Text",
      "name": "DynamicKey",
      "type": "DynamicKey",
    },
    Object {
      "Col": 1,
      "Label": "1",
      "Row": 0,
      "associatedKeyGroups": Array [],
      "keyActions": Array [
        Object {
          "actionType": "Text",
          "value": "1",
        },
      ],
      "labelType": "Text",
      "name": "DynamicKey",
      "type": "DynamicKey",
    },
    Object {
      "Col": 2,
      "Label": "2",
      "Row": 0,
      "associatedKeyGroups": Array [],
      "keyActions": Array [
        Object {
          "actionType": "Text",
          "value": "2",
        },
      ],
      "labelType": "Text",
      "name": "DynamicKey",
      "type": "DynamicKey",
    },
    Object {
      "Col": 3,
      "Label": "3",
      "Row": 0,
      "associatedKeyGroups": Array [],
      "keyActions": Array [
        Object {
          "actionType": "Text",
          "value": "3",
        },
      ],
      "labelType": "Text",
      "name": "DynamicKey",
      "type": "DynamicKey",
    },
    Object {
      "Col": 4,
      "Label": "4",
      "Row": 0,
      "associatedKeyGroups": Array [],
      "keyActions": Array [
        Object {
          "actionType": "Text",
          "value": "4",
        },
      ],
      "labelType": "Text",
      "name": "DynamicKey",
      "type": "DynamicKey",
    },
    Object {
      "Col": 5,
      "Label": "5",
      "Row": 0,
      "associatedKeyGroups": Array [],
      "keyActions": Array [
        Object {
          "actionType": "Text",
          "value": "5",
        },
      ],
      "labelType": "Text",
      "name": "DynamicKey",
      "type": "DynamicKey",
    },
    Object {
      "Col": 6,
      "Label": "6",
      "Row": 0,
      "associatedKeyGroups": Array [],
      "keyActions": Array [
        Object {
          "actionType": "Text",
          "value": "6",
        },
      ],
      "labelType": "Text",
      "name": "DynamicKey",
      "type": "DynamicKey",
    },
    Object {
      "Col": 7,
      "Label": "7",
      "Row": 0,
      "associatedKeyGroups": Array [],
      "keyActions": Array [
        Object {
          "actionType": "Text",
          "value": "7",
        },
      ],
      "labelType": "Text",
      "name": "DynamicKey",
      "type": "DynamicKey",
    },
    Object {
      "Col": 0,
      "Row": 1,
      "associatedKeyGroups": Array [],
      "keyActions": Array [
        Object {
          "actionType": "Text",
          "value": undefined,
        },
      ],
      "name": "DynamicKey",
      "type": "DynamicKey",
    },
    Object {
      "Col": 8,
      "Label": "8",
      "Row": 0,
      "associatedKeyGroups": Array [],
      "keyActions": Array [
        Object {
          "actionType": "Text",
          "value": "8",
        },
      ],
      "labelType": "Text",
      "name": "DynamicKey",
      "type": "DynamicKey",
    },
    Object {
      "Col": 1,
      "Label": "!",
      "Row": 1,
      "associatedKeyGroups": Array [],
      "keyActions": Array [
        Object {
          "actionType": "Text",
          "value": "!",
        },
      ],
      "labelType": "Text",
      "name": "DynamicKey",
      "type": "DynamicKey",
    },
    Object {
      "Col": 9,
      "Label": "9",
      "Row": 0,
      "associatedKeyGroups": Array [],
      "keyActions": Array [
        Object {
          "actionType": "Text",
          "value": "9",
        },
      ],
      "labelType": "Text",
      "name": "DynamicKey",
      "type": "DynamicKey",
    },
    Object {
      "Col": 2,
      "Label": "?",
      "Row": 1,
      "associatedKeyGroups": Array [],
      "keyActions": Array [
        Object {
          "actionType": "Text",
          "value": "?",
        },
      ],
      "labelType": "Text",
      "name": "DynamicKey",
      "type": "DynamicKey",
    },
    Object {
      "Col": 10,
      "Label": "0",
      "Row": 0,
      "associatedKeyGroups": Array [],
      "keyActions": Array [
        Object {
          "actionType": "Text",
          "value": "0",
        },
      ],
      "labelType": "Text",
      "name": "DynamicKey",
      "type": "DynamicKey",
    },
    Object {
      "Col": 3,
      "Label": "+",
      "Row": 1,
      "associatedKeyGroups": Array [],
      "keyActions": Array [
        Object {
          "actionType": "Text",
          "value": "+",
        },
      ],
      "labelType": "Text",
      "name": "DynamicKey",
      "type": "DynamicKey",
    },
    Object {
      "Col": 4,
      "Label": "*",
      "Row": 1,
      "associatedKeyGroups": Array [],
      "keyActions": Array [
        Object {
          "actionType": "Text",
          "value": "*",
        },
      ],
      "labelType": "Text",
      "name": "DynamicKey",
      "type": "DynamicKey",
    },
    Object {
      "Col": 11,
      "Row": 0,
      "Symbol": "MenuIcon",
      "associatedKeyGroups": Array [],
      "keyActions": Array [
        Object {
          "actionType": "Action",
          "value": "MenuKeyboard",
        },
      ],
      "labelType": "Symbol",
      "name": "DynamicKey",
      "type": "DynamicKey",
    },
    Object {
      "Col": 5,
      "Label": "%",
      "Row": 1,
      "associatedKeyGroups": Array [],
      "keyActions": Array [
        Object {
          "actionType": "Text",
          "value": "%",
        },
      ],
      "labelType": "Text",
      "name": "DynamicKey",
      "type": "DynamicKey",
    },
    Object {
      "Col": 6,
      "Label": "&",
      "Row": 1,
      "associatedKeyGroups": Array [],
      "keyActions": Array [
        Object {
          "actionType": "Text",
          "value": "&",
        },
      ],
      "labelType": "Text",
      "name": "DynamicKey",
      "type": "DynamicKey",
    },
    Object {
      "Col": 0,
      "Label": "/",
      "Row": 2,
      "associatedKeyGroups": Array [],
      "keyActions": Array [
        Object {
          "actionType": "Text",
          "value": "/",
        },
      ],
      "labelType": "Text",
      "name": "DynamicKey",
      "type": "DynamicKey",
    },
    Object {
      "Col": 7,
      "Label": "\\"",
      "Row": 1,
      "associatedKeyGroups": Array [],
      "keyActions": Array [
        Object {
          "actionType": "Text",
          "value": "\\"",
        },
      ],
      "labelType": "Text",
      "name": "DynamicKey",
      "type": "DynamicKey",
    },
    Object {
      "Col": 1,
      "Label": "q",
      "Row": 2,
      "ShiftDownLabel": "Q",
      "associatedKeyGroups": Array [],
      "keyActions": Array [
        Object {
          "actionType": "Text",
          "value": "q",
        },
      ],
      "labelType": "Text",
      "name": "DynamicKey",
      "type": "DynamicKey",
    },
    Object {
      "Col": 8,
      "Label": "'",
      "Row": 1,
      "associatedKeyGroups": Array [],
      "keyActions": Array [
        Object {
          "actionType": "Text",
          "value": "'",
        },
      ],
      "labelType": "Text",
      "name": "DynamicKey",
      "type": "DynamicKey",
    },
    Object {
      "Col": 2,
      "Label": "w",
      "Row": 2,
      "ShiftDownLabel": "W",
      "associatedKeyGroups": Array [],
      "keyActions": Array [
        Object {
          "actionType": "Text",
          "value": "w",
        },
      ],
      "labelType": "Text",
      "name": "DynamicKey",
      "type": "DynamicKey",
    },
    Object {
      "Col": 9,
      "Label": "\`",
      "Row": 1,
      "associatedKeyGroups": Array [],
      "keyActions": Array [
        Object {
          "actionType": "Text",
          "value": "\`",
        },
      ],
      "labelType": "Text",
      "name": "DynamicKey",
      "type": "DynamicKey",
    },
    Object {
      "Col": 10,
      "Label": "$",
      "Row": 1,
      "associatedKeyGroups": Array [],
      "keyActions": Array [
        Object {
          "actionType": "Text",
          "value": "$",
        },
      ],
      "labelType": "Text",
      "name": "DynamicKey",
      "type": "DynamicKey",
    },
    Object {
      "Col": 3,
      "Label": "e",
      "Row": 2,
      "ShiftDownLabel": "E",
      "associatedKeyGroups": Array [],
      "keyActions": Array [
        Object {
          "actionType": "Text",
          "value": "e",
        },
      ],
      "labelType": "Text",
      "name": "DynamicKey",
      "type": "DynamicKey",
    },
    Object {
      "Col": 4,
      "Label": "r",
      "Row": 2,
      "ShiftDownLabel": "R",
      "associatedKeyGroups": Array [],
      "keyActions": Array [
        Object {
          "actionType": "Text",
          "value": "r",
        },
      ],
      "labelType": "Text",
      "name": "DynamicKey",
      "type": "DynamicKey",
    },
    Object {
      "Col": 5,
      "Label": "t",
      "Row": 2,
      "ShiftDownLabel": "T",
      "associatedKeyGroups": Array [],
      "keyActions": Array [
        Object {
          "actionType": "Text",
          "value": "t",
        },
      ],
      "labelType": "Text",
      "name": "DynamicKey",
      "type": "DynamicKey",
    },
    Object {
      "Col": 6,
      "Label": "z",
      "Row": 2,
      "ShiftDownLabel": "Z",
      "associatedKeyGroups": Array [],
      "keyActions": Array [
        Object {
          "actionType": "Text",
          "value": "z",
        },
      ],
      "labelType": "Text",
      "name": "DynamicKey",
      "type": "DynamicKey",
    },
    Object {
      "Col": 0,
      "Label": "-",
      "Row": 3,
      "associatedKeyGroups": Array [],
      "keyActions": Array [
        Object {
          "actionType": "Text",
          "value": "-",
        },
      ],
      "labelType": "Text",
      "name": "DynamicKey",
      "type": "DynamicKey",
    },
    Object {
      "Col": 7,
      "Label": "u",
      "Row": 2,
      "ShiftDownLabel": "U",
      "associatedKeyGroups": Array [],
      "keyActions": Array [
        Object {
          "actionType": "Text",
          "value": "u",
        },
      ],
      "labelType": "Text",
      "name": "DynamicKey",
      "type": "DynamicKey",
    },
    Object {
      "Col": 1,
      "Label": "_",
      "Row": 3,
      "associatedKeyGroups": Array [],
      "keyActions": Array [
        Object {
          "actionType": "Text",
          "value": "_",
        },
      ],
      "labelType": "Text",
      "name": "DynamicKey",
      "type": "DynamicKey",
    },
    Object {
      "Col": 8,
      "Label": "i",
      "Row": 2,
      "ShiftDownLabel": "I",
      "associatedKeyGroups": Array [],
      "keyActions": Array [
        Object {
          "actionType": "Text",
          "value": "i",
        },
      ],
      "labelType": "Text",
      "name": "DynamicKey",
      "type": "DynamicKey",
    },
    Object {
      "Col": 2,
      "Label": "a",
      "Row": 3,
      "ShiftDownLabel": "A",
      "associatedKeyGroups": Array [],
      "keyActions": Array [
        Object {
          "actionType": "Text",
          "value": "a",
        },
      ],
      "labelType": "Text",
      "name": "DynamicKey",
      "type": "DynamicKey",
    },
    Object {
      "Col": 9,
      "Label": "o",
      "Row": 2,
      "ShiftDownLabel": "O",
      "associatedKeyGroups": Array [],
      "keyActions": Array [
        Object {
          "actionType": "Text",
          "value": "o",
        },
      ],
      "labelType": "Text",
      "name": "DynamicKey",
      "type": "DynamicKey",
    },
    Object {
      "Col": 10,
      "Label": "p",
      "Row": 2,
      "ShiftDownLabel": "P",
      "associatedKeyGroups": Array [],
      "keyActions": Array [
        Object {
          "actionType": "Text",
          "value": "p",
        },
      ],
      "labelType": "Text",
      "name": "DynamicKey",
      "type": "DynamicKey",
    },
    Object {
      "Col": 3,
      "Label": "s",
      "Row": 3,
      "ShiftDownLabel": "S",
      "associatedKeyGroups": Array [],
      "keyActions": Array [
        Object {
          "actionType": "Text",
          "value": "s",
        },
      ],
      "labelType": "Text",
      "name": "DynamicKey",
      "type": "DynamicKey",
    },
    Object {
      "Col": 11,
      "Label": "|",
      "Row": 2,
      "associatedKeyGroups": Array [],
      "keyActions": Array [
        Object {
          "actionType": "Text",
          "value": "|",
        },
      ],
      "labelType": "Text",
      "name": "DynamicKey",
      "type": "DynamicKey",
    },
    Object {
      "Col": 4,
      "Label": "d",
      "Row": 3,
      "ShiftDownLabel": "D",
      "associatedKeyGroups": Array [],
      "keyActions": Array [
        Object {
          "actionType": "Text",
          "value": "d",
        },
      ],
      "labelType": "Text",
      "name": "DynamicKey",
      "type": "DynamicKey",
    },
    Object {
      "Col": 5,
      "Label": "f",
      "Row": 3,
      "ShiftDownLabel": "F",
      "associatedKeyGroups": Array [],
      "keyActions": Array [
        Object {
          "actionType": "Text",
          "value": "f",
        },
      ],
      "labelType": "Text",
      "name": "DynamicKey",
      "type": "DynamicKey",
    },
    Object {
      "Col": 6,
      "Label": "g",
      "Row": 3,
      "ShiftDownLabel": "G",
      "associatedKeyGroups": Array [],
      "keyActions": Array [
        Object {
          "actionType": "Text",
          "value": "g",
        },
      ],
      "labelType": "Text",
      "name": "DynamicKey",
      "type": "DynamicKey",
    },
    Object {
      "Col": 7,
      "Label": "h",
      "Row": 3,
      "ShiftDownLabel": "H",
      "associatedKeyGroups": Array [],
      "keyActions": Array [
        Object {
          "actionType": "Text",
          "value": "h",
        },
      ],
      "labelType": "Text",
      "name": "DynamicKey",
      "type": "DynamicKey",
    },
    Object {
      "Col": 0,
      "Row": 4,
      "Symbol": "TabIcon",
      "Text": "&#9;",
      "associatedKeyGroups": Array [],
      "keyActions": Array [
        Object {
          "actionType": "Text",
          "value": undefined,
        },
      ],
      "labelType": "Symbol",
      "name": "DynamicKey",
      "type": "DynamicKey",
    },
    Object {
      "Col": 8,
      "Label": "j",
      "Row": 3,
      "ShiftDownLabel": "J",
      "associatedKeyGroups": Array [],
      "keyActions": Array [
        Object {
          "actionType": "Text",
          "value": "j",
        },
      ],
      "labelType": "Text",
      "name": "DynamicKey",
      "type": "DynamicKey",
    },
    Object {
      "Col": 1,
      "Label": "<",
      "Row": 4,
      "associatedKeyGroups": Array [],
      "keyActions": Array [
        Object {
          "actionType": "Text",
          "value": "<",
        },
      ],
      "labelType": "Text",
      "name": "DynamicKey",
      "type": "DynamicKey",
    },
    Object {
      "Col": 9,
      "Label": "k",
      "Row": 3,
      "ShiftDownLabel": "K",
      "associatedKeyGroups": Array [],
      "keyActions": Array [
        Object {
          "actionType": "Text",
          "value": "k",
        },
      ],
      "labelType": "Text",
      "name": "DynamicKey",
      "type": "DynamicKey",
    },
    Object {
      "Col": 2,
      "Label": "y",
      "Row": 4,
      "ShiftDownLabel": "Y",
      "associatedKeyGroups": Array [],
      "keyActions": Array [
        Object {
          "actionType": "Text",
          "value": "y",
        },
      ],
      "labelType": "Text",
      "name": "DynamicKey",
      "type": "DynamicKey",
    },
    Object {
      "Col": 10,
      "Label": "l",
      "Row": 3,
      "ShiftDownLabel": "L",
      "associatedKeyGroups": Array [],
      "keyActions": Array [
        Object {
          "actionType": "Text",
          "value": "l",
        },
      ],
      "labelType": "Text",
      "name": "DynamicKey",
      "type": "DynamicKey",
    },
    Object {
      "Col": 3,
      "Label": "x",
      "Row": 4,
      "ShiftDownLabel": "X",
      "associatedKeyGroups": Array [],
      "keyActions": Array [
        Object {
          "actionType": "Text",
          "value": "x",
        },
      ],
      "labelType": "Text",
      "name": "DynamicKey",
      "type": "DynamicKey",
    },
    Object {
      "Col": 11,
      "Label": "^",
      "Row": 3,
      "associatedKeyGroups": Array [],
      "keyActions": Array [
        Object {
          "actionType": "Text",
          "value": "^",
        },
      ],
      "labelType": "Text",
      "name": "DynamicKey",
      "type": "DynamicKey",
    },
    Object {
      "Col": 4,
      "Label": "c",
      "Row": 4,
      "ShiftDownLabel": "C",
      "associatedKeyGroups": Array [],
      "keyActions": Array [
        Object {
          "actionType": "Text",
          "value": "c",
        },
      ],
      "labelType": "Text",
      "name": "DynamicKey",
      "type": "DynamicKey",
    },
    Object {
      "Col": 5,
      "Label": "v",
      "Row": 4,
      "ShiftDownLabel": "V",
      "associatedKeyGroups": Array [],
      "keyActions": Array [
        Object {
          "actionType": "Text",
          "value": "v",
        },
      ],
      "labelType": "Text",
      "name": "DynamicKey",
      "type": "DynamicKey",
    },
    Object {
      "Col": 6,
      "Label": "b",
      "Row": 4,
      "ShiftDownLabel": "B",
      "associatedKeyGroups": Array [],
      "keyActions": Array [
        Object {
          "actionType": "Text",
          "value": "b",
        },
      ],
      "labelType": "Text",
      "name": "DynamicKey",
      "type": "DynamicKey",
    },
    Object {
      "Col": 7,
      "Label": "n",
      "Row": 4,
      "ShiftDownLabel": "N",
      "associatedKeyGroups": Array [],
      "keyActions": Array [
        Object {
          "actionType": "Text",
          "value": "n",
        },
      ],
      "labelType": "Text",
      "name": "DynamicKey",
      "type": "DynamicKey",
    },
    Object {
      "Col": 0,
      "Label": "Win",
      "Row": 5,
      "associatedKeyGroups": Array [],
      "keyActions": Array [
        Object {
          "actionType": "Action",
          "value": "LeftWin",
        },
      ],
      "labelType": "Text",
      "name": "DynamicKey",
      "type": "DynamicKey",
    },
    Object {
      "Col": 8,
      "Label": "m",
      "Row": 4,
      "ShiftDownLabel": "M",
      "associatedKeyGroups": Array [],
      "keyActions": Array [
        Object {
          "actionType": "Text",
          "value": "m",
        },
      ],
      "labelType": "Text",
      "name": "DynamicKey",
      "type": "DynamicKey",
    },
    Object {
      "Col": 1,
      "Label": ">",
      "Row": 5,
      "associatedKeyGroups": Array [],
      "keyActions": Array [
        Object {
          "actionType": "Text",
          "value": ">",
        },
      ],
      "labelType": "Text",
      "name": "DynamicKey",
      "type": "DynamicKey",
    },
    Object {
      "Col": 9,
      "Label": "@",
      "Row": 4,
      "associatedKeyGroups": Array [],
      "keyActions": Array [
        Object {
          "actionType": "Text",
          "value": "@",
        },
      ],
      "labelType": "Text",
      "name": "DynamicKey",
      "type": "DynamicKey",
    },
    Object {
      "Col": 2,
      "Label": ",",
      "Row": 5,
      "associatedKeyGroups": Array [],
      "keyActions": Array [
        Object {
          "actionType": "Text",
          "value": ",",
        },
      ],
      "labelType": "Text",
      "name": "DynamicKey",
      "type": "DynamicKey",
    },
    Object {
      "Col": 10,
      "Label": "=",
      "Row": 4,
      "associatedKeyGroups": Array [],
      "keyActions": Array [
        Object {
          "actionType": "Text",
          "value": "=",
        },
      ],
      "labelType": "Text",
      "name": "DynamicKey",
      "type": "DynamicKey",
    },
    Object {
      "Col": 3,
      "Label": ".",
      "Row": 5,
      "associatedKeyGroups": Array [],
      "keyActions": Array [
        Object {
          "actionType": "Text",
          "value": ".",
        },
      ],
      "labelType": "Text",
      "name": "DynamicKey",
      "type": "DynamicKey",
    },
    Object {
      "Col": 11,
      "Label": "#",
      "Row": 4,
      "associatedKeyGroups": Array [],
      "keyActions": Array [
        Object {
          "actionType": "Text",
          "value": "#",
        },
      ],
      "labelType": "Text",
      "name": "DynamicKey",
      "type": "DynamicKey",
    },
    Object {
      "Col": 4,
      "Label": "(",
      "Row": 5,
      "associatedKeyGroups": Array [],
      "keyActions": Array [
        Object {
          "actionType": "Text",
          "value": "(",
        },
      ],
      "labelType": "Text",
      "name": "DynamicKey",
      "type": "DynamicKey",
    },
    Object {
      "Col": 5,
      "Label": ")",
      "Row": 5,
      "associatedKeyGroups": Array [],
      "keyActions": Array [
        Object {
          "actionType": "Text",
          "value": ")",
        },
      ],
      "labelType": "Text",
      "name": "DynamicKey",
      "type": "DynamicKey",
    },
    Object {
      "Col": 6,
      "Label": "[",
      "Row": 5,
      "associatedKeyGroups": Array [],
      "keyActions": Array [
        Object {
          "actionType": "Text",
          "value": "[",
        },
      ],
      "labelType": "Text",
      "name": "DynamicKey",
      "type": "DynamicKey",
    },
    Object {
      "Col": 7,
      "Label": "]",
      "Row": 5,
      "associatedKeyGroups": Array [],
      "keyActions": Array [
        Object {
          "actionType": "Text",
          "value": "]",
        },
      ],
      "labelType": "Text",
      "name": "DynamicKey",
      "type": "DynamicKey",
    },
    Object {
      "Col": 0,
      "Label": "Ctrl",
      "Row": 6,
      "associatedKeyGroups": Array [],
      "keyActions": Array [
        Object {
          "actionType": "Action",
          "value": "LeftCtrl",
        },
      ],
      "labelType": "Text",
      "name": "DynamicKey",
      "type": "DynamicKey",
    },
    Object {
      "Col": 8,
      "Label": "{",
      "Row": 5,
      "associatedKeyGroups": Array [],
      "keyActions": Array [
        Object {
          "actionType": "Text",
          "value": "{",
        },
      ],
      "labelType": "Text",
      "name": "DynamicKey",
      "type": "DynamicKey",
    },
    Object {
      "Col": 1,
      "Label": "Alt",
      "Row": 6,
      "associatedKeyGroups": Array [],
      "keyActions": Array [
        Object {
          "actionType": "Action",
          "value": "LeftAlt",
        },
      ],
      "labelType": "Text",
      "name": "DynamicKey",
      "type": "DynamicKey",
    },
    Object {
      "Col": 2,
      "Label": ";",
      "Row": 6,
      "associatedKeyGroups": Array [],
      "keyActions": Array [
        Object {
          "actionType": "Text",
          "value": ";",
        },
      ],
      "labelType": "Text",
      "name": "DynamicKey",
      "type": "DynamicKey",
    },
    Object {
      "Col": 9,
      "Label": "}",
      "Row": 5,
      "associatedKeyGroups": Array [],
      "keyActions": Array [
        Object {
          "actionType": "Text",
          "value": "}",
        },
      ],
      "labelType": "Text",
      "name": "DynamicKey",
      "type": "DynamicKey",
    },
    Object {
      "Col": 3,
      "Label": ":",
      "Row": 6,
      "associatedKeyGroups": Array [],
      "keyActions": Array [
        Object {
          "actionType": "Text",
          "value": ":",
        },
      ],
      "labelType": "Text",
      "name": "DynamicKey",
      "type": "DynamicKey",
    },
    Object {
      "Col": 10,
      "Row": 5,
      "Symbol": "UpArrowKeyIcon",
      "associatedKeyGroups": Array [],
      "keyActions": Array [
        Object {
          "actionType": "Action",
          "value": "ArrowUp",
        },
      ],
      "labelType": "Symbol",
      "name": "DynamicKey",
      "type": "DynamicKey",
    },
    Object {
      "Col": 11,
      "Label": "Esc",
      "Row": 5,
      "associatedKeyGroups": Array [],
      "keyActions": Array [
        Object {
          "actionType": "Action",
          "value": "Escape",
        },
      ],
      "labelType": "Text",
      "name": "DynamicKey",
      "type": "DynamicKey",
    },
    Object {
      "Col": 4,
      "Row": 6,
      "Symbol": "ShiftIcon",
      "associatedKeyGroups": Array [],
      "keyActions": Array [
        Object {
          "actionType": "Action",
          "value": "LeftShift",
        },
      ],
      "labelType": "Symbol",
      "name": "DynamicKey",
      "type": "DynamicKey",
    },
    Object {
      "Col": 5,
      "Height": "2",
      "Row": 6,
      "Symbol": "SpaceIcon",
      "Text": "&#32;",
      "Width": "2",
      "associatedKeyGroups": Array [],
      "keyActions": Array [
        Object {
          "actionType": "Text",
          "value": undefined,
        },
      ],
      "labelType": "Symbol",
      "name": "DynamicKey",
      "type": "DynamicKey",
    },
    Object {
      "Col": 7,
      "Row": 6,
      "Symbol": "EnterIcon",
      "Text": "&#13;",
      "associatedKeyGroups": Array [],
      "keyActions": Array [
        Object {
          "actionType": "Text",
          "value": undefined,
        },
      ],
      "labelType": "Symbol",
      "name": "DynamicKey",
      "type": "DynamicKey",
    },
    Object {
      "Col": 8,
      "Row": 6,
      "Symbol": "BackOneIcon",
      "associatedKeyGroups": Array [],
      "keyActions": Array [
        Object {
          "actionType": "Action",
          "value": "BackOne",
        },
      ],
      "labelType": "Symbol",
      "name": "DynamicKey",
      "type": "DynamicKey",
    },
    Object {
      "Col": 9,
      "Row": 6,
      "Symbol": "LeftArrowKeyIcon",
      "associatedKeyGroups": Array [],
      "keyActions": Array [
        Object {
          "actionType": "Action",
          "value": "ArrowLeft",
        },
      ],
      "labelType": "Symbol",
      "name": "DynamicKey",
      "type": "DynamicKey",
    },
    Object {
      "Col": 10,
      "Row": 6,
      "Symbol": "DownArrowKeyIcon",
      "associatedKeyGroups": Array [],
      "keyActions": Array [
        Object {
          "actionType": "Action",
          "value": "ArrowDown",
        },
      ],
      "labelType": "Symbol",
      "name": "DynamicKey",
      "type": "DynamicKey",
    },
    Object {
      "Col": 11,
      "Row": 6,
      "Symbol": "RightArrowKeyIcon",
      "associatedKeyGroups": Array [],
      "keyActions": Array [
        Object {
          "actionType": "Action",
          "value": "ArrowRight",
        },
      ],
      "labelType": "Symbol",
      "name": "DynamicKey",
      "type": "DynamicKey",
    },
    Object {
      "Col": 11,
      "Label": "&",
      "Row": 1,
      "ShiftDownLabel": "&",
      "associatedKeyGroups": Array [],
      "keyActions": Array [
        Object {
          "actionType": "Text",
          "value": "&",
        },
      ],
      "labelType": "Text",
      "name": "DynamicKey",
      "type": "DynamicKey",
    },
  ],
  "DockSize": "Full",
  "Grid": Object {
    "Cols": 12,
    "Rows": 7,
  },
  "Height": "40%",
  "HorizontalOffset": "0",
  "Name": "OptiKey-BoardMaker",
  "Position": "Top",
  "SymbolMargin": 1,
  "VerticalOffset": "0",
  "Width": "100%",
  "WindowState": "Docked",
  "keyGroups": Array [],
}
`;

exports[`READ FILES: no keyboard imported yet 1`] = `undefined`;
